******************************************************************************
            TI ARM Clang Linker PC v4.0.3                      
******************************************************************************
>> Linked Sat Sep 19 16:30:00 2026

OUTPUT FILE NAME:   <UART_Single_Trasmit.out>
ENTRY POINT SYMBOL: "_c_int00_noargs"  address: 000004c9


MEMORY CONFIGURATION

         name            origin    length      used     unused   attr    fill
----------------------  --------  ---------  --------  --------  ----  --------
  FLASH                 00000000   00020000  00000588  0001fa78  R  X
  SRAM                  20200000   00008000  0000020e  00007df2  RW X
  BCR_CONFIG            41c00000   000000ff  00000000  000000ff  R   
  BSL_CONFIG            41c00100   00000080  00000000  00000080  R   


SEGMENT ALLOCATION MAP

run origin  load origin   length   init length attrs members
----------  ----------- ---------- ----------- ----- -------
00000000    00000000    00000588   00000588    r-x
  00000000    00000000    000000c0   000000c0    r-- .intvecs
  000000c0    000000c0    000004a0   000004a0    r-x .text
  00000560    00000560    00000010   00000010    r-- .rodata
  00000570    00000570    00000018   00000018    r-- .cinit
20200000    20200000    0000000e   00000000    rw-
  20200000    20200000    0000000e   00000000    rw- .data
20207e00    20207e00    00000200   00000000    rw-
  20207e00    20207e00    00000200   00000000    rw- .stack


SECTION ALLOCATION MAP

 output                                  attributes/
section   page    origin      length       input sections
--------  ----  ----------  ----------   ----------------
.intvecs   0    00000000    000000c0     
                  00000000    000000c0     startup_mspm0g350x_ticlang.o (.intvecs)

.text      0    000000c0    000004a0     
                  000000c0    00000108     main.o (.text.main)
                  000001c8    0000009a     libc.a : memcpy16.S.obj (.text:memcpy)
                  00000262    00000002     startup_mspm0g350x_ticlang.o (.text.Default_Handler)
                  00000264    00000080     driverlib.a : dl_uart.o (.text.DL_UART_configBaudRate)
                  000002e4    0000007c     libc.a : copy_decompress_lzss.c.obj (.text:decompress:lzss)
                  00000360    00000048     driverlib.a : dl_uart.o (.text.DL_UART_init)
                  000003a8    00000040     ti_msp_dl_config.o (.text.SYSCFG_DL_SYSCTL_init)
                  000003e8    00000040     libclang_rt.builtins.a : aeabi_uidivmod.S.obj (.text.__aeabi_uidivmod)
                  00000428    0000003c     libc.a : autoinit.c.obj (.text:__TI_auto_init_nobinit_nopinit)
                  00000464    00000038     main.o (.text.UART0_IRQHandler)
                  0000049c    0000002c     ti_msp_dl_config.o (.text.SYSCFG_DL_initPower)
                  000004c8    00000028     libc.a : boot_cortex_m.c.obj (.text:_c_int00_noargs)
                  000004f0    00000012     driverlib.a : dl_uart.o (.text.DL_UART_setClockConfig)
                  00000502    00000012     libc.a : copy_decompress_none.c.obj (.text:decompress:none)
                  00000514    00000010     ti_msp_dl_config.o (.text.SYSCFG_DL_init)
                  00000524    00000010     main.o (.text.SysTick_Handler)
                  00000534    0000000a     driverlib.a : dl_common.o (.text.DL_Common_delayCycles)
                  0000053e    00000002     ti_msp_dl_config.o (.text.SYSCFG_DL_GPIO_init)
                  00000540    00000008     libclang_rt.builtins.a : aeabi_memcpy.S.obj (.text.__aeabi_memcpy)
                  00000548    00000006     libc.a : exit.c.obj (.text:abort)
                  0000054e    00000004     libsysbm.a : hostexit.c.obj (.text.HOSTexit)
                  00000552    00000004     startup_mspm0g350x_ticlang.o (.text.Reset_Handler)
                  00000556    00000004     libc.a : pre_init.c.obj (.text._system_pre_init)
                  0000055a    00000002     libclang_rt.builtins.a : aeabi_div0.c.obj (.text.__aeabi_idiv0)
                  0000055c    00000004     --HOLE-- [fill = 0]

.cinit     0    00000570    00000018     
                  00000570    00000008     (__TI_handler_table)
                  00000578    00000007     (.cinit..data.load) [load image, compression = lzss]
                  0000057f    00000001     --HOLE-- [fill = 0]
                  00000580    00000008     (__TI_cinit_table)

.rodata    0    00000560    00000010     
                  00000560    0000000a     main.o (.rodata.UART_0_Cfg)
                  0000056a    00000002     main.o (.rodata.UART_0_Clk)
                  0000056c    00000004     --HOLE-- [fill = 0]

.init_array 
*          0    00000000    00000000     UNINITIALIZED

.binit     0    00000000    00000000     

.data      0    20200000    0000000e     UNINITIALIZED
                  20200000    00000004     main.o (.data.rx_irq_count)
                  20200004    00000004     main.o (.data.rx_main_count)
                  20200008    00000004     main.o (.data.sys_ms)
                  2020000c    00000001     main.o (.data.rx_data)
                  2020000d    00000001     main.o (.data.rx_ready)

.stack     0    20207e00    00000200     UNINITIALIZED
                  20207e00    00000004     libc.a : boot_cortex_m.c.obj (.stack)
                  20207e04    000001fc     --HOLE--

__llvm_prf_cnts 
*          0    20200000    00000000     UNINITIALIZED

__llvm_prf_bits 
*          0    20200000    00000000     UNINITIALIZED

MODULE SUMMARY

       Module                         code   ro data   rw data
       ------                         ----   -------   -------
    .\
       main.o                         336    12        14     
       startup_mspm0g350x_ticlang.o   6      192       0      
       ti_msp_dl_config.o             126    0         0      
    +--+------------------------------+------+---------+---------+
       Total:                         468    204       14     
                                                              
    C:/TI/mspm0_sdk_2_11_00_07/source/ti/driverlib/lib/ticlang/m0p/mspm0g1x0x_g3x0x/driverlib.a
       dl_uart.o                      218    0         0      
       dl_common.o                    10     0         0      
    +--+------------------------------+------+---------+---------+
       Total:                         228    0         0      
                                                              
    D:\mps2.0\ccs\tools\compiler\ti-cgt-armllvm_4.0.3.LTS\lib\armv6m-ti-none-eabi/c/libc.a
       memcpy16.S.obj                 154    0         0      
       copy_decompress_lzss.c.obj     124    0         0      
       autoinit.c.obj                 60     0         0      
       boot_cortex_m.c.obj            40     0         0      
       copy_decompress_none.c.obj     18     0         0      
       exit.c.obj                     6      0         0      
       pre_init.c.obj                 4      0         0      
    +--+------------------------------+------+---------+---------+
       Total:                         406    0         0      
                                                              
    D:\mps2.0\ccs\tools\compiler\ti-cgt-armllvm_4.0.3.LTS\lib\armv6m-ti-none-eabi/c/libsysbm.a
       hostexit.c.obj                 4      0         0      
    +--+------------------------------+------+---------+---------+
       Total:                         4      0         0      
                                                              
    D:\mps2.0\ccs\tools\compiler\ti-cgt-armllvm_4.0.3.LTS\lib\armv6m-ti-none-eabi/libclang_rt.builtins.a
       aeabi_uidivmod.S.obj           64     0         0      
       aeabi_memcpy.S.obj             8      0         0      
       aeabi_div0.c.obj               2      0         0      
    +--+------------------------------+------+---------+---------+
       Total:                         74     0         0      
                                                              
       Stack:                         0      0         512    
       Linker Generated:              0      23        0      
    +--+------------------------------+------+---------+---------+
       Grand Total:                   1180   227       526    


LINKER GENERATED COPY TABLES

__TI_cinit_table @ 00000580 records: 1, size/record: 8, table size: 8
	.data: load addr=00000578, load size=00000007 bytes, run addr=20200000, run size=0000000e bytes, compression=lzss


LINKER GENERATED HANDLER TABLE

__TI_handler_table @ 00000570 records: 2, size/record: 4, table size: 8
	index: 0, handler: __TI_decompress_lzss
	index: 1, handler: __TI_decompress_none


GLOBAL SYMBOLS: SORTED ALPHABETICALLY BY Name 

address   name                          
-------   ----                          
00000263  ADC0_IRQHandler               
00000263  ADC1_IRQHandler               
00000263  AES_IRQHandler                
0000054e  C$$EXIT                       
00000263  CANFD0_IRQHandler             
00000263  DAC0_IRQHandler               
00000535  DL_Common_delayCycles         
00000265  DL_UART_configBaudRate        
00000361  DL_UART_init                  
000004f1  DL_UART_setClockConfig        
00000263  DMA_IRQHandler                
00000263  Default_Handler               
00000263  GROUP0_IRQHandler             
00000263  GROUP1_IRQHandler             
0000054f  HOSTexit                      
00000263  HardFault_Handler             
00000263  I2C0_IRQHandler               
00000263  I2C1_IRQHandler               
00000263  NMI_Handler                   
00000263  PendSV_Handler                
00000263  RTC_IRQHandler                
00000553  Reset_Handler                 
00000263  SPI0_IRQHandler               
00000263  SPI1_IRQHandler               
00000263  SVC_Handler                   
0000053f  SYSCFG_DL_GPIO_init           
000003a9  SYSCFG_DL_SYSCTL_init         
00000515  SYSCFG_DL_init                
0000049d  SYSCFG_DL_initPower           
00000525  SysTick_Handler               
00000263  TIMA0_IRQHandler              
00000263  TIMA1_IRQHandler              
00000263  TIMG0_IRQHandler              
00000263  TIMG12_IRQHandler             
00000263  TIMG6_IRQHandler              
00000263  TIMG7_IRQHandler              
00000263  TIMG8_IRQHandler              
00000465  UART0_IRQHandler              
00000263  UART1_IRQHandler              
00000263  UART2_IRQHandler              
00000263  UART3_IRQHandler              
20208000  __STACK_END                   
00000200  __STACK_SIZE                  
00000000  __TI_ATRegion0_region_sz      
00000000  __TI_ATRegion0_src_addr       
00000000  __TI_ATRegion0_trg_addr       
00000000  __TI_ATRegion1_region_sz      
00000000  __TI_ATRegion1_src_addr       
00000000  __TI_ATRegion1_trg_addr       
00000000  __TI_ATRegion2_region_sz      
00000000  __TI_ATRegion2_src_addr       
00000000  __TI_ATRegion2_trg_addr       
00000580  __TI_CINIT_Base               
00000588  __TI_CINIT_Limit              
00000588  __TI_CINIT_Warm               
00000570  __TI_Handler_Table_Base       
00000578  __TI_Handler_Table_Limit      
00000429  __TI_auto_init_nobinit_nopinit
000002e5  __TI_decompress_lzss          
00000503  __TI_decompress_none          
ffffffff  __TI_pprof_out_hndl           
ffffffff  __TI_prof_data_size           
ffffffff  __TI_prof_data_start          
00000000  __TI_static_base__            
0000055b  __aeabi_idiv0                 
00000541  __aeabi_memcpy                
00000541  __aeabi_memcpy4               
00000541  __aeabi_memcpy8               
000003e9  __aeabi_uidiv                 
000003e9  __aeabi_uidivmod              
ffffffff  __binit__                     
UNDEFED   __mpu_init                    
20207e00  __stack                       
20200000  __start___llvm_prf_bits       
20200000  __start___llvm_prf_cnts       
20200000  __stop___llvm_prf_bits        
20200000  __stop___llvm_prf_cnts        
000004c9  _c_int00_noargs               
UNDEFED   _system_post_cinit            
00000557  _system_pre_init              
00000549  abort                         
ffffffff  binit                         
00000000  interruptVectors              
000000c1  main                          
000001c9  memcpy                        
2020000c  rx_data                       
20200000  rx_irq_count                  
20200004  rx_main_count                 
2020000d  rx_ready                      
20200008  sys_ms                        


GLOBAL SYMBOLS: SORTED BY Symbol Address 

address   name                          
-------   ----                          
00000000  __TI_ATRegion0_region_sz      
00000000  __TI_ATRegion0_src_addr       
00000000  __TI_ATRegion0_trg_addr       
00000000  __TI_ATRegion1_region_sz      
00000000  __TI_ATRegion1_src_addr       
00000000  __TI_ATRegion1_trg_addr       
00000000  __TI_ATRegion2_region_sz      
00000000  __TI_ATRegion2_src_addr       
00000000  __TI_ATRegion2_trg_addr       
00000000  __TI_static_base__            
00000000  interruptVectors              
000000c1  main                          
000001c9  memcpy                        
00000200  __STACK_SIZE                  
00000263  ADC0_IRQHandler               
00000263  ADC1_IRQHandler               
00000263  AES_IRQHandler                
00000263  CANFD0_IRQHandler             
00000263  DAC0_IRQHandler               
00000263  DMA_IRQHandler                
00000263  Default_Handler               
00000263  GROUP0_IRQHandler             
00000263  GROUP1_IRQHandler             
00000263  HardFault_Handler             
00000263  I2C0_IRQHandler               
00000263  I2C1_IRQHandler               
00000263  NMI_Handler                   
00000263  PendSV_Handler                
00000263  RTC_IRQHandler                
00000263  SPI0_IRQHandler               
00000263  SPI1_IRQHandler               
00000263  SVC_Handler                   
00000263  TIMA0_IRQHandler              
00000263  TIMA1_IRQHandler              
00000263  TIMG0_IRQHandler              
00000263  TIMG12_IRQHandler             
00000263  TIMG6_IRQHandler              
00000263  TIMG7_IRQHandler              
00000263  TIMG8_IRQHandler              
00000263  UART1_IRQHandler              
00000263  UART2_IRQHandler              
00000263  UART3_IRQHandler              
00000265  DL_UART_configBaudRate        
000002e5  __TI_decompress_lzss          
00000361  DL_UART_init                  
000003a9  SYSCFG_DL_SYSCTL_init         
000003e9  __aeabi_uidiv                 
000003e9  __aeabi_uidivmod              
00000429  __TI_auto_init_nobinit_nopinit
00000465  UART0_IRQHandler              
0000049d  SYSCFG_DL_initPower           
000004c9  _c_int00_noargs               
000004f1  DL_UART_setClockConfig        
00000503  __TI_decompress_none          
00000515  SYSCFG_DL_init                
00000525  SysTick_Handler               
00000535  DL_Common_delayCycles         
0000053f  SYSCFG_DL_GPIO_init           
00000541  __aeabi_memcpy                
00000541  __aeabi_memcpy4               
00000541  __aeabi_memcpy8               
00000549  abort                         
0000054e  C$$EXIT                       
0000054f  HOSTexit                      
00000553  Reset_Handler                 
00000557  _system_pre_init              
0000055b  __aeabi_idiv0                 
00000570  __TI_Handler_Table_Base       
00000578  __TI_Handler_Table_Limit      
00000580  __TI_CINIT_Base               
00000588  __TI_CINIT_Limit              
00000588  __TI_CINIT_Warm               
20200000  __start___llvm_prf_bits       
20200000  __start___llvm_prf_cnts       
20200000  __stop___llvm_prf_bits        
20200000  __stop___llvm_prf_cnts        
20200000  rx_irq_count                  
20200004  rx_main_count                 
20200008  sys_ms                        
2020000c  rx_data                       
2020000d  rx_ready                      
20207e00  __stack                       
20208000  __STACK_END                   
ffffffff  __TI_pprof_out_hndl           
ffffffff  __TI_prof_data_size           
ffffffff  __TI_prof_data_start          
ffffffff  __binit__                     
ffffffff  binit                         
UNDEFED   __mpu_init                    
UNDEFED   _system_post_cinit            

[90 symbols]
