******************************************************************************
            TI ARM Clang Linker PC v4.0.3                      
******************************************************************************
>> Linked Mon Sep 21 20:17:20 2026

OUTPUT FILE NAME:   <UART_Single_Trasmit.out>
ENTRY POINT SYMBOL: "_c_int00_noargs"  address: 00000501


MEMORY CONFIGURATION

         name            origin    length      used     unused   attr    fill
----------------------  --------  ---------  --------  --------  ----  --------
  FLASH                 00000000   00020000  000005f0  0001fa10  R  X
  SRAM                  20200000   00008000  00000217  00007de9  RW X
  BCR_CONFIG            41c00000   000000ff  00000000  000000ff  R   
  BSL_CONFIG            41c00100   00000080  00000000  00000080  R   


SEGMENT ALLOCATION MAP

run origin  load origin   length   init length attrs members
----------  ----------- ---------- ----------- ----- -------
00000000    00000000    000005f0   000005f0    r-x
  00000000    00000000    000000c0   000000c0    r-- .intvecs
  000000c0    000000c0    000004f0   000004f0    r-x .text
  000005b0    000005b0    00000010   00000010    r-- .rodata
  000005c0    000005c0    00000030   00000030    r-- .cinit
20200000    20200000    00000017   00000000    rw-
  20200000    20200000    0000000f   00000000    rw- .data
  2020000f    2020000f    00000008   00000000    rw- .bss
20207e00    20207e00    00000200   00000000    rw-
  20207e00    20207e00    00000200   00000000    rw- .stack


SECTION ALLOCATION MAP

 output                                  attributes/
section   page    origin      length       input sections
--------  ----  ----------  ----------   ----------------
.intvecs   0    00000000    000000c0     
                  00000000    000000c0     startup_mspm0g350x_ticlang.o (.intvecs)

.text      0    000000c0    000004f0     
                  000000c0    00000118     main.o (.text.main)
                  000001d8    0000009a     libc.a : memcpy16.S.obj (.text:memcpy)
                  00000272    00000002     startup_mspm0g350x_ticlang.o (.text.Default_Handler)
                  00000274    00000080     driverlib.a : dl_uart.o (.text.DL_UART_configBaudRate)
                  000002f4    0000007c     libc.a : copy_decompress_lzss.c.obj (.text:decompress:lzss)
                  00000370    00000060     main.o (.text.UART0_IRQHandler)
                  000003d0    00000048     driverlib.a : dl_uart.o (.text.DL_UART_init)
                  00000418    00000040     ti_msp_dl_config.o (.text.SYSCFG_DL_SYSCTL_init)
                  00000458    00000040     libclang_rt.builtins.a : aeabi_uidivmod.S.obj (.text.__aeabi_uidivmod)
                  00000498    0000003c     libc.a : autoinit.c.obj (.text:__TI_auto_init_nobinit_nopinit)
                  000004d4    0000002c     ti_msp_dl_config.o (.text.SYSCFG_DL_initPower)
                  00000500    00000028     libc.a : boot_cortex_m.c.obj (.text:_c_int00_noargs)
                  00000528    00000016            : copy_zero_init.c.obj (.text:decompress:ZI:__TI_zero_init_nomemset)
                  0000053e    00000012     driverlib.a : dl_uart.o (.text.DL_UART_setClockConfig)
                  00000550    00000012     libc.a : copy_decompress_none.c.obj (.text:decompress:none)
                  00000562    00000010     ti_msp_dl_config.o (.text.SYSCFG_DL_init)
                  00000572    00000002     ti_msp_dl_config.o (.text.SYSCFG_DL_GPIO_init)
                  00000574    00000010     main.o (.text.SysTick_Handler)
                  00000584    0000000a     driverlib.a : dl_common.o (.text.DL_Common_delayCycles)
                  0000058e    00000002     libclang_rt.builtins.a : aeabi_div0.c.obj (.text.__aeabi_idiv0)
                  00000590    00000008                            : aeabi_memcpy.S.obj (.text.__aeabi_memcpy)
                  00000598    00000006     libc.a : exit.c.obj (.text:abort)
                  0000059e    00000004     libsysbm.a : hostexit.c.obj (.text.HOSTexit)
                  000005a2    00000004     startup_mspm0g350x_ticlang.o (.text.Reset_Handler)
                  000005a6    00000004     libc.a : pre_init.c.obj (.text._system_pre_init)
                  000005aa    00000006     --HOLE-- [fill = 0]

.cinit     0    000005c0    00000030     
                  000005c0    0000000c     (__TI_handler_table)
                  000005cc    00000008     (.cinit..bss.load) [load image, compression = zero_init]
                  000005d4    00000007     (.cinit..data.load) [load image, compression = lzss]
                  000005db    00000001     --HOLE-- [fill = 0]
                  000005dc    00000010     (__TI_cinit_table)
                  000005ec    00000004     --HOLE-- [fill = 0]

.rodata    0    000005b0    00000010     
                  000005b0    0000000a     main.o (.rodata.UART_0_Cfg)
                  000005ba    00000002     main.o (.rodata.UART_0_Clk)
                  000005bc    00000004     --HOLE-- [fill = 0]

.init_array 
*          0    00000000    00000000     UNINITIALIZED

.binit     0    00000000    00000000     

.data      0    20200000    0000000f     UNINITIALIZED
                  20200000    00000004     main.o (.data.rx_irq_count)
                  20200004    00000004     main.o (.data.rx_main_count)
                  20200008    00000004     main.o (.data.sys_ms)
                  2020000c    00000001     main.o (.data.data)
                  2020000d    00000001     main.o (.data.read)
                  2020000e    00000001     main.o (.data.write)

.bss       0    2020000f    00000008     UNINITIALIZED
                  2020000f    00000008     (.common:buffer)

.stack     0    20207e00    00000200     UNINITIALIZED
                  20207e00    00000004     libc.a : boot_cortex_m.c.obj (.stack)
                  20207e04    000001fc     --HOLE--

__llvm_prf_cnts 
*          0    20200000    00000000     UNINITIALIZED

__llvm_prf_bits 
*          0    20200000    00000000     UNINITIALIZED

MODULE SUMMARY

       Module                         code   ro data   rw data
       ------                         ----   -------   -------
    .\
       main.o                         392    12        23     
       startup_mspm0g350x_ticlang.o   6      192       0      
       ti_msp_dl_config.o             126    0         0      
    +--+------------------------------+------+---------+---------+
       Total:                         524    204       23     
                                                              
    C:/TI/mspm0_sdk_2_11_00_07/source/ti/driverlib/lib/ticlang/m0p/mspm0g1x0x_g3x0x/driverlib.a
       dl_uart.o                      218    0         0      
       dl_common.o                    10     0         0      
    +--+------------------------------+------+---------+---------+
       Total:                         228    0         0      
                                                              
    D:\mps2.0\ccs\tools\compiler\ti-cgt-armllvm_4.0.3.LTS\lib\armv6m-ti-none-eabi/c/libc.a
       memcpy16.S.obj                 154    0         0      
       copy_decompress_lzss.c.obj     124    0         0      
       autoinit.c.obj                 60     0         0      
       boot_cortex_m.c.obj            40     0         0      
       copy_zero_init.c.obj           22     0         0      
       copy_decompress_none.c.obj     18     0         0      
       exit.c.obj                     6      0         0      
       pre_init.c.obj                 4      0         0      
    +--+------------------------------+------+---------+---------+
       Total:                         428    0         0      
                                                              
    D:\mps2.0\ccs\tools\compiler\ti-cgt-armllvm_4.0.3.LTS\lib\armv6m-ti-none-eabi/c/libsysbm.a
       hostexit.c.obj                 4      0         0      
    +--+------------------------------+------+---------+---------+
       Total:                         4      0         0      
                                                              
    D:\mps2.0\ccs\tools\compiler\ti-cgt-armllvm_4.0.3.LTS\lib\armv6m-ti-none-eabi/libclang_rt.builtins.a
       aeabi_uidivmod.S.obj           64     0         0      
       aeabi_memcpy.S.obj             8      0         0      
       aeabi_div0.c.obj               2      0         0      
    +--+------------------------------+------+---------+---------+
       Total:                         74     0         0      
                                                              
       Stack:                         0      0         512    
       Linker Generated:              0      43        0      
    +--+------------------------------+------+---------+---------+
       Grand Total:                   1258   247       535    


LINKER GENERATED COPY TABLES

__TI_cinit_table @ 000005dc records: 2, size/record: 8, table size: 16
	.bss: load addr=000005cc, load size=00000008 bytes, run addr=2020000f, run size=00000008 bytes, compression=zero_init
	.data: load addr=000005d4, load size=00000007 bytes, run addr=20200000, run size=0000000f bytes, compression=lzss


LINKER GENERATED HANDLER TABLE

__TI_handler_table @ 000005c0 records: 3, size/record: 4, table size: 12
	index: 0, handler: __TI_decompress_lzss
	index: 1, handler: __TI_decompress_none
	index: 2, handler: __TI_zero_init


GLOBAL SYMBOLS: SORTED ALPHABETICALLY BY Name 

address   name                          
-------   ----                          
00000273  ADC0_IRQHandler               
00000273  ADC1_IRQHandler               
00000273  AES_IRQHandler                
0000059e  C$$EXIT                       
00000273  CANFD0_IRQHandler             
00000273  DAC0_IRQHandler               
00000585  DL_Common_delayCycles         
00000275  DL_UART_configBaudRate        
000003d1  DL_UART_init                  
0000053f  DL_UART_setClockConfig        
00000273  DMA_IRQHandler                
00000273  Default_Handler               
00000273  GROUP0_IRQHandler             
00000273  GROUP1_IRQHandler             
0000059f  HOSTexit                      
00000273  HardFault_Handler             
00000273  I2C0_IRQHandler               
00000273  I2C1_IRQHandler               
00000273  NMI_Handler                   
00000273  PendSV_Handler                
00000273  RTC_IRQHandler                
000005a3  Reset_Handler                 
00000273  SPI0_IRQHandler               
00000273  SPI1_IRQHandler               
00000273  SVC_Handler                   
00000573  SYSCFG_DL_GPIO_init           
00000419  SYSCFG_DL_SYSCTL_init         
00000563  SYSCFG_DL_init                
000004d5  SYSCFG_DL_initPower           
00000575  SysTick_Handler               
00000273  TIMA0_IRQHandler              
00000273  TIMA1_IRQHandler              
00000273  TIMG0_IRQHandler              
00000273  TIMG12_IRQHandler             
00000273  TIMG6_IRQHandler              
00000273  TIMG7_IRQHandler              
00000273  TIMG8_IRQHandler              
00000371  UART0_IRQHandler              
00000273  UART1_IRQHandler              
00000273  UART2_IRQHandler              
00000273  UART3_IRQHandler              
20208000  __STACK_END                   
00000200  __STACK_SIZE                  
00000000  __TI_ATRegion0_region_sz      
00000000  __TI_ATRegion0_src_addr       
00000000  __TI_ATRegion0_trg_addr       
00000000  __TI_ATRegion1_region_sz      
00000000  __TI_ATRegion1_src_addr       
00000000  __TI_ATRegion1_trg_addr       
00000000  __TI_ATRegion2_region_sz      
00000000  __TI_ATRegion2_src_addr       
00000000  __TI_ATRegion2_trg_addr       
000005dc  __TI_CINIT_Base               
000005ec  __TI_CINIT_Limit              
000005ec  __TI_CINIT_Warm               
000005c0  __TI_Handler_Table_Base       
000005cc  __TI_Handler_Table_Limit      
00000499  __TI_auto_init_nobinit_nopinit
000002f5  __TI_decompress_lzss          
00000551  __TI_decompress_none          
ffffffff  __TI_pprof_out_hndl           
ffffffff  __TI_prof_data_size           
ffffffff  __TI_prof_data_start          
00000000  __TI_static_base__            
00000529  __TI_zero_init_nomemset       
0000058f  __aeabi_idiv0                 
00000591  __aeabi_memcpy                
00000591  __aeabi_memcpy4               
00000591  __aeabi_memcpy8               
00000459  __aeabi_uidiv                 
00000459  __aeabi_uidivmod              
ffffffff  __binit__                     
UNDEFED   __mpu_init                    
20207e00  __stack                       
20200000  __start___llvm_prf_bits       
20200000  __start___llvm_prf_cnts       
20200000  __stop___llvm_prf_bits        
20200000  __stop___llvm_prf_cnts        
00000501  _c_int00_noargs               
UNDEFED   _system_post_cinit            
000005a7  _system_pre_init              
00000599  abort                         
ffffffff  binit                         
2020000f  buffer                        
2020000c  data                          
00000000  interruptVectors              
000000c1  main                          
000001d9  memcpy                        
2020000d  read                          
20200000  rx_irq_count                  
20200004  rx_main_count                 
20200008  sys_ms                        
2020000e  write                         


GLOBAL SYMBOLS: SORTED BY Symbol Address 

address   name                          
-------   ----                          
00000000  __TI_ATRegion0_region_sz      
00000000  __TI_ATRegion0_src_addr       
00000000  __TI_ATRegion0_trg_addr       
00000000  __TI_ATRegion1_region_sz      
00000000  __TI_ATRegion1_src_addr       
00000000  __TI_ATRegion1_trg_addr       
00000000  __TI_ATRegion2_region_sz      
00000000  __TI_ATRegion2_src_addr       
00000000  __TI_ATRegion2_trg_addr       
00000000  __TI_static_base__            
00000000  interruptVectors              
000000c1  main                          
000001d9  memcpy                        
00000200  __STACK_SIZE                  
00000273  ADC0_IRQHandler               
00000273  ADC1_IRQHandler               
00000273  AES_IRQHandler                
00000273  CANFD0_IRQHandler             
00000273  DAC0_IRQHandler               
00000273  DMA_IRQHandler                
00000273  Default_Handler               
00000273  GROUP0_IRQHandler             
00000273  GROUP1_IRQHandler             
00000273  HardFault_Handler             
00000273  I2C0_IRQHandler               
00000273  I2C1_IRQHandler               
00000273  NMI_Handler                   
00000273  PendSV_Handler                
00000273  RTC_IRQHandler                
00000273  SPI0_IRQHandler               
00000273  SPI1_IRQHandler               
00000273  SVC_Handler                   
00000273  TIMA0_IRQHandler              
00000273  TIMA1_IRQHandler              
00000273  TIMG0_IRQHandler              
00000273  TIMG12_IRQHandler             
00000273  TIMG6_IRQHandler              
00000273  TIMG7_IRQHandler              
00000273  TIMG8_IRQHandler              
00000273  UART1_IRQHandler              
00000273  UART2_IRQHandler              
00000273  UART3_IRQHandler              
00000275  DL_UART_configBaudRate        
000002f5  __TI_decompress_lzss          
00000371  UART0_IRQHandler              
000003d1  DL_UART_init                  
00000419  SYSCFG_DL_SYSCTL_init         
00000459  __aeabi_uidiv                 
00000459  __aeabi_uidivmod              
00000499  __TI_auto_init_nobinit_nopinit
000004d5  SYSCFG_DL_initPower           
00000501  _c_int00_noargs               
00000529  __TI_zero_init_nomemset       
0000053f  DL_UART_setClockConfig        
00000551  __TI_decompress_none          
00000563  SYSCFG_DL_init                
00000573  SYSCFG_DL_GPIO_init           
00000575  SysTick_Handler               
00000585  DL_Common_delayCycles         
0000058f  __aeabi_idiv0                 
00000591  __aeabi_memcpy                
00000591  __aeabi_memcpy4               
00000591  __aeabi_memcpy8               
00000599  abort                         
0000059e  C$$EXIT                       
0000059f  HOSTexit                      
000005a3  Reset_Handler                 
000005a7  _system_pre_init              
000005c0  __TI_Handler_Table_Base       
000005cc  __TI_Handler_Table_Limit      
000005dc  __TI_CINIT_Base               
000005ec  __TI_CINIT_Limit              
000005ec  __TI_CINIT_Warm               
20200000  __start___llvm_prf_bits       
20200000  __start___llvm_prf_cnts       
20200000  __stop___llvm_prf_bits        
20200000  __stop___llvm_prf_cnts        
20200000  rx_irq_count                  
20200004  rx_main_count                 
20200008  sys_ms                        
2020000c  data                          
2020000d  read                          
2020000e  write                         
2020000f  buffer                        
20207e00  __stack                       
20208000  __STACK_END                   
ffffffff  __TI_pprof_out_hndl           
ffffffff  __TI_prof_data_size           
ffffffff  __TI_prof_data_start          
ffffffff  __binit__                     
ffffffff  binit                         
UNDEFED   __mpu_init                    
UNDEFED   _system_post_cinit            

[93 symbols]
